================================================================================
🖼️  TEST 1: Chat with Image (with output)
================================================================================

📤 Uploading image...
✓ Uploaded: 71xUvQRYnvL._SY466_.webp

💬 Sending message to AI...
Question: Mô tả chi tiết tấm ảnh này. Đây là ảnh gì?

AI Response:
--------------------------------------------------------------------------------



================================================================================
📄 TEST 2: Chat with PDF (with output)
================================================================================

📤 Uploading PDF...
✓ Uploaded: Đề N3 7-2015-13-15.pdf

💬 Sending message to AI...
Question: Đây là đề thi gì? Tóm tắt nội dung

AI Response:
--------------------------------------------------------------------------------



================================================================================
🎯 TEST 3: Both files together
================================================================================

💬 Sending message with both files...
Question: Phân tích mối liên hệ giữa ảnh và PDF

AI Response:
--------------------------------------------------------------------------------



================================================================================
✅ All tests completed!
================================================================================
